/*---------------------------------------------------------------------------*\
| =========                 |                                                 |
| \\      /  F ield         | OpenFOAM: The Open Source CFD Toolbox           |
|  \\    /   O peration     | Version:  2606                                  |
|   \\  /    A nd           | Website:  www.openfoam.com                      |
|    \\/     M anipulation  |                                                 |
\*---------------------------------------------------------------------------*/
Build  : _481094f-20260618 OPENFOAM=2606 version=2606
Arch   : "LSB;label=32;scalar=64"
Exec   : checkMesh -case /home/openfoam/workingDir/case -allGeometry -allTopology
Date   : Sep 07 2026
Time   : 17:12:26
Host   : 43f683d828fe
PID    : 1
I/O    : uncollated
Case   : /home/openfoam/workingDir/case
nProcs : 1
trapFpe: Floating point exception trapping enabled (FOAM_SIGFPE).
memory pool : not available
fileModificationChecking : Monitoring run-time modified files using timeStampMaster (fileModificationSkew 5, maxFileModificationPolls 20)

--> FOAM Warning : allowSystemOperations : Allowing user-supplied system call operations.
                   This can be a security risk if running untrusted cases
                   through e.g. 'coded' on-the-fly-compilation functionality.

// * * * * * * * * * * * * * * * * * * * * * * * * * * * * * * * * * * * * * //
Create time

Create mesh for time = 0

Check mesh...
    Enabling all (cell, face, edge, point) topology checks.
    Enabling all geometry checks.

Time = 0

Mesh stats
    points:           2056
    internal points:  0
    edges:            4540
    internal edges:   948
    internal edges using one boundary point:   0
    internal edges using two boundary points:  948
    faces:            3212
    internal faces:   1676
    cells:            728
    faces per cell:   6.714285714
    boundary patches: 6
    point zones:      0
    face zones:       0
    cell zones:       0

Overall number of cells of each type:
    hexahedra:     392
    prisms:        24
    wedges:        0
    pyramids:      0
    tet wedges:    0
    tetrahedra:    0
    polyhedra:     312
    Breakdown of polyhedra by number of faces:
        faces   number of cells
            7   160
            8   88
            9   56
           11   8

Checking topology...
    Boundary definition OK.
    Cell to face addressing OK.
    Point usage OK.
  <<Found 64 neighbouring cells with multiple inbetween faces.
    Upper triangular ordering OK.
  <<Writing 128 unordered faces to set upperTriangularFace
    Face vertices OK.
    Topological cell zip-up check OK.
    Face-face connectivity OK.
  <<Writing 4 cells with two non-boundary faces to set twoInternalFacesCells
    Number of regions: 1 (OK).

Checking patch topology for multiply connected surfaces...
                   Patch    Faces   Points  Surface topology  Bounding box
                  wall_0       32       64  ok (non-closed singly connected) (-0.93 -0.97 0) (1.07 1.03 0.01)
                    left       12       26  ok (non-closed singly connected) (-1.93 -1.97 0) (-1.93 2.03 0.01)
                   right       12       26  ok (non-closed singly connected) (2.07 -1.97 0) (2.07 2.03 0.01)
                  bottom       12       26  ok (non-closed singly connected) (-1.93 -1.97 0) (2.07 -1.97 0.01)
                     top       12       26  ok (non-closed singly connected) (-1.93 2.03 0) (2.07 2.03 0.01)
            frontAndBack     1456     2056  ok (non-closed singly connected) (-1.93 -1.97 0) (2.07 2.03 0.01)
                    ".*"     1536     2056      ok (closed singly connected) (-1.93 -1.97 0) (2.07 2.03 0.01)


Checking faceZone topology for multiply connected surfaces...
    No faceZones found.

Checking basic cellZone addressing...
    No cellZones found.

Checking basic pointZone addressing...
    No pointZones found.

Checking geometry...
    Overall domain bounding box (-1.93 -1.97 0) (2.07 2.03 0.01)
    Mesh has 2 geometric (non-empty/wedge) directions (1 1 0)
    Mesh has 2 solution (non-empty) directions (1 1 0)
    All edges aligned with or perpendicular to non-empty directions.
    Boundary openness (1.001578588e-19 -1.001578588e-19 -1.569139788e-18) OK.
    Max cell openness = 2.230110476e-16 OK.
    Max aspect ratio = 5.06241311 OK.
    Minimum face area = 2.871423804e-05. Maximum face area = 0.25.  Face area magnitudes OK.
    Min volume = 4.145672738e-06. Max volume = 0.0025.  Total volume = 0.1287855485.  Cell volumes OK.
    Mesh non-orthogonality Max: 55.39681708 average: 18.00198588
    Non-orthogonality check OK.
    Face pyramids OK.
    Max skewness = 1.686585278 OK.
    Coupled point location match (average 0) OK.
    Face tets OK.
    Min/max edge length = 0.002871423804 0.5 OK.
    All angles in faces OK.
    Face flatness (1 = flat, 0 = butterfly) : min = 1  average = 1
    All face flatness OK.
    Cell determinant (wellposedness) : minimum: 0.05582720684 average: 0.8408499827
    Cell determinant check OK.
 ***Concave cells (using face planes) found, number of cells: 312
  <<Writing 312 concave cells to set concaveCells
    Face interpolation weight : minimum: 0.08721056077 average: 0.3964185855
    Face interpolation weight check OK.
    Face volume ratio : minimum: 0.02703787129 average: 0.5885209149
    Face volume ratio check OK.

Failed 1 mesh checks.

End
