/*---------------------------------------------------------------------------*\
| =========                 |                                                 |
| \\      /  F ield         | OpenFOAM: The Open Source CFD Toolbox           |
|  \\    /   O peration     | Version:  2606                                  |
|   \\  /    A nd           | Website:  www.openfoam.com                      |
|    \\/     M anipulation  |                                                 |
\*---------------------------------------------------------------------------*/
Build  : _481094f-20260618 OPENFOAM=2606 version=2606
Arch   : "LSB;label=32;scalar=64"
Exec   : checkMesh -case /home/openfoam/workingDir/case -allGeometry -allTopology
Date   : Sep 07 2026
Time   : 15:48:21
Host   : b6b0f7da66b5
PID    : 1
I/O    : uncollated
Case   : /home/openfoam/workingDir/case
nProcs : 1
trapFpe: Floating point exception trapping enabled (FOAM_SIGFPE).
memory pool : not available
fileModificationChecking : Monitoring run-time modified files using timeStampMaster (fileModificationSkew 5, maxFileModificationPolls 20)

--> FOAM Warning : allowSystemOperations : Allowing user-supplied system call operations.
                   This can be a security risk if running untrusted cases
                   through e.g. 'coded' on-the-fly-compilation functionality.

// * * * * * * * * * * * * * * * * * * * * * * * * * * * * * * * * * * * * * //
Create time

Create mesh for time = 0

Check mesh...
    Enabling all (cell, face, edge, point) topology checks.
    Enabling all geometry checks.

Time = 0

Mesh stats
    points:           5196
    internal points:  0
    edges:            13024
    internal edges:   2306
    internal edges using one boundary point:   0
    internal edges using two boundary points:  2306
    faces:            10443
    internal faces:   4921
    cells:            2615
    faces per cell:   5.875334608
    boundary patches: 6
    point zones:      0
    face zones:       0
    cell zones:       0

Overall number of cells of each type:
    hexahedra:     2145
    prisms:        398
    wedges:        0
    pyramids:      0
    tet wedges:    0
    tetrahedra:    0
    polyhedra:     72
    Breakdown of polyhedra by number of faces:
        faces   number of cells
            7   72

Checking topology...
    Boundary definition OK.
    Cell to face addressing OK.
    Point usage OK.
    Upper triangular ordering OK.
    Face vertices OK.
    Topological cell zip-up check OK.
    Face-face connectivity OK.
  <<Writing 84 cells with two non-boundary faces to set twoInternalFacesCells
    Number of regions: 1 (OK).

Checking patch topology for multiply connected surfaces...
                   Patch    Faces   Points  Surface topology  Bounding box
                  wall_0      240      480  ok (non-closed singly connected) (0 -0.0423457394 0) (1.000083814 0.079197789 0.0009766443496)
                    left       12       26  ok (non-closed singly connected) (-6.000502884 -6.482118766 0) (-6.000502884 6.518970816 0.0009766443496)
                   right       20       42  ok (non-closed singly connected) (7.000586698 -6.482118766 0) (7.000586698 6.518970816 0.0009766443496)
                  bottom       10       22  ok (non-closed singly connected) (-6.000502884 -6.482118766 0) (7.000586698 -6.482118766 0.0009766443496)
                     top       10       22  ok (non-closed singly connected) (-6.000502884 6.518970816 0) (7.000586698 6.518970816 0.0009766443496)
            frontAndBack     5230     5196  ok (non-closed singly connected) (-6.000502884 -6.482118766 0) (7.000586698 6.518970816 0.0009766443496)
                    ".*"     5522     5196      ok (closed singly connected) (-6.000502884 -6.482118766 0) (7.000586698 6.518970816 0.0009766443496)


Checking faceZone topology for multiply connected surfaces...
    No faceZones found.

Checking basic cellZone addressing...
    No cellZones found.

Checking basic pointZone addressing...
    No pointZones found.

Checking geometry...
    Overall domain bounding box (-6.000502884 -6.482118766 0) (7.000586698 6.518970816 0.0009766443496)
    Mesh has 2 geometric (non-empty/wedge) directions (1 1 0)
    Mesh has 2 solution (non-empty) directions (1 1 0)
    All edges aligned with or perpendicular to non-empty directions.
    Boundary openness (1.02663049e-20 1.283288113e-21 -1.76211499e-19) OK.
    Max cell openness = 2.841597806e-16 OK.
    Max aspect ratio = 6.844966327 OK.
    Minimum face area = 6.979826157e-08. Maximum face area = 2.641067661.  Face area magnitudes OK.
    Min volume = 2.054711354e-09. Max volume = 0.002579383808.  Total volume = 0.1650002871.  Cell volumes OK.
    Mesh non-orthogonality Max: 43.13902988 average: 6.752831483
    Non-orthogonality check OK.
    Face pyramids OK.
    Max skewness = 3.146497737 OK.
    Coupled point location match (average 0) OK.
    Face tets OK.
    Min/max edge length = 7.146742988e-05 1.816957505 OK.
    All angles in faces OK.
    Face flatness (1 = flat, 0 = butterfly) : min = 1  average = 1
    All face flatness OK.
    Cell determinant (wellposedness) : minimum: 0.001270773002 average: 0.4366922241
    Cell determinant check OK.
    Concave cell check OK.
    Face interpolation weight : minimum: 0.07175697659 average: 0.4476670859
    Face interpolation weight check OK.
    Face volume ratio : minimum: 0.04545749573 average: 0.8178234744
    Face volume ratio check OK.

Mesh OK.

End
