/*---------------------------------------------------------------------------*\
| =========                 |                                                 |
| \\      /  F ield         | OpenFOAM: The Open Source CFD Toolbox           |
|  \\    /   O peration     | Version:  2606                                  |
|   \\  /    A nd           | Website:  www.openfoam.com                      |
|    \\/     M anipulation  |                                                 |
\*---------------------------------------------------------------------------*/
Build  : _481094f-20260618 OPENFOAM=2606 version=2606
Arch   : "LSB;label=32;scalar=64"
Exec   : checkMesh -case /home/openfoam/workingDir/case -writeAllFields
Date   : Sep 08 2026
Time   : 04:05:31
Host   : fa0f9b7801f8
PID    : 1
I/O    : uncollated
Case   : /home/openfoam/workingDir/case
nProcs : 1
trapFpe: Floating point exception trapping enabled (FOAM_SIGFPE).
memory pool : not available
fileModificationChecking : Monitoring run-time modified files using timeStampMaster (fileModificationSkew 5, maxFileModificationPolls 20)

--> FOAM Warning : allowSystemOperations : Allowing user-supplied system call operations.
                   This can be a security risk if running untrusted cases
                   through e.g. 'coded' on-the-fly-compilation functionality.

// * * * * * * * * * * * * * * * * * * * * * * * * * * * * * * * * * * * * * //
Create time

Create mesh for time = 0

Check mesh...
    Writing mesh quality as fields (aspectRatio cellAspectRatio cellDeterminant cellRegion cellShapes cellVolume cellVolumeRatio cellZone faceWeight faceZone minPyrVolume minTetVolume nonOrthoAngle skewness wallDistance)

Time = 0

Mesh stats
    points:           9876
    internal points:  0
    faces:            18273
    internal faces:   8921
    cells:            4445
    faces per cell:   6.117885264
    boundary patches: 6
    point zones:      0
    face zones:       0
    cell zones:       0

Overall number of cells of each type:
    hexahedra:     3789
    prisms:        104
    wedges:        0
    pyramids:      0
    tet wedges:    0
    tetrahedra:    0
    polyhedra:     552
    Breakdown of polyhedra by number of faces:
        faces   number of cells
            7   477
            8   74
            9   1

Checking topology...
    Boundary definition OK.
    Cell to face addressing OK.
    Point usage OK.
    Upper triangular ordering OK.
    Face vertices OK.
    Number of regions: 1 (OK).

Checking patch topology for multiply connected surfaces...
                   Patch    Faces   Points  Surface topology
                  wall_0      399      798  ok (non-closed singly connected)
                    left       12       26  ok (non-closed singly connected)
                   right       31       64  ok (non-closed singly connected)
                  bottom       10       22  ok (non-closed singly connected)
                     top       10       22  ok (non-closed singly connected)
            frontAndBack     8890     9876  ok (non-closed singly connected)
                    ".*"     9352     9876      ok (closed singly connected)


Checking faceZone topology for multiply connected surfaces...
    No faceZones found.

Checking basic cellZone addressing...
    No cellZones found.

Checking basic pointZone addressing...
    No pointZones found.

Checking geometry...
    Overall domain bounding box (-6.000502884 -6.482118766 0) (7.000586698 6.518970816 0.0004883221748)
    Mesh has 2 geometric (non-empty/wedge) directions (1 1 0)
    Mesh has 2 solution (non-empty) directions (1 1 0)
    All edges aligned with or perpendicular to non-empty directions.
    Boundary openness (-3.850165024e-21 6.416941707e-22 -5.933064196e-19) OK.
    Max cell openness = 2.205780503e-16 OK.
    Max aspect ratio = 6.804253487 OK.
    Minimum face area = 3.489913078e-08. Maximum face area = 2.641067661.  Face area magnitudes OK.
    Min volume = 3.946276063e-10. Max volume = 0.001289691904.  Total volume = 0.08250014357.  Cell volumes OK.
    Mesh non-orthogonality Max: 50.33628687 average: 7.568251464
    Non-orthogonality check OK.
    Face pyramids OK.
    Max skewness = 2.212503487 OK.
    Coupled point location match (average 0) OK.

Mesh OK.

Writing fields with mesh quality parameters
    Writing non-orthogonality (angle) to nonOrthoAngle
    Writing face interpolation weights (0..0.5) to faceWeight
    Writing face skewness to skewness
    Writing cell determinant to cellDeterminant
    Writing aspect ratio to aspectRatio
    Writing approximate aspect ratio to cellAspectRatio
    Writing cell shape (hex, tet etc.) to cellShapes
    Writing cell volume to cellVolume
    Writing cell volume ratio to cellVolumeRatio
    Writing minTetVolume to minTetVolume
    Writing minPyrVolume to minPyrVolume
    Writing cell region to cellRegion
Selecting patchDistMethod meshWave
    Writing wall distance to wallDistance
    Writing cell zoning to cellZone
    Writing face zoning to faceZone

End
