/*---------------------------------------------------------------------------*\
| =========                 |                                                 |
| \\      /  F ield         | OpenFOAM: The Open Source CFD Toolbox           |
|  \\    /   O peration     | Version:  2606                                  |
|   \\  /    A nd           | Website:  www.openfoam.com                      |
|    \\/     M anipulation  |                                                 |
\*---------------------------------------------------------------------------*/
Build  : _481094f-20260618 OPENFOAM=2606 version=2606
Arch   : "LSB;label=32;scalar=64"
Exec   : checkMesh -case /home/openfoam/workingDir/case -allGeometry -allTopology
Date   : Sep 21 2026
Time   : 23:12:03
Host   : 68b36d92d039
PID    : 1
I/O    : uncollated
Case   : /home/openfoam/workingDir/case
nProcs : 1
trapFpe: Floating point exception trapping enabled (FOAM_SIGFPE).
memory pool : not available
fileModificationChecking : Monitoring run-time modified files using timeStampMaster (fileModificationSkew 5, maxFileModificationPolls 20)

--> FOAM Warning : allowSystemOperations : Allowing user-supplied system call operations.
                   This can be a security risk if running untrusted cases
                   through e.g. 'coded' on-the-fly-compilation functionality.

// * * * * * * * * * * * * * * * * * * * * * * * * * * * * * * * * * * * * * //
Create time

Create mesh for time = 0

Check mesh...
    Enabling all (cell, face, edge, point) topology checks.
    Enabling all geometry checks.

Time = 0

Mesh stats 
    points:           212390
    internal points:  0
    edges:            522617
    internal edges:   102255
    internal edges using one boundary point:   0
    internal edges using two boundary points:  102255
    faces:            412245
    internal faces:   204271
    cells:            102017
    faces per cell:   6.043267299
    boundary patches: 2
    point zones:      0
    face zones:       0
    cell zones:       0

Overall number of cells of each type:
    hexahedra:     96546
    prisms:        897
    wedges:        0
    pyramids:      0
    tet wedges:    0
    tetrahedra:    0
    polyhedra:     4574
    Breakdown of polyhedra by number of faces:
        faces   number of cells
            7   3847
            8   717
            9   10

Checking topology...
    Boundary definition OK.
    Cell to face addressing OK.
    Point usage OK.
    Upper triangular ordering OK.
    Face vertices OK.
    Topological cell zip-up check OK.
    Face-face connectivity OK.
  <<Writing 336 cells with two non-boundary faces to set twoInternalFacesCells
    Number of regions: 1 (OK).

Checking patch topology for multiply connected surfaces...
                   Patch    Faces   Points  Surface topology  Bounding box
                  wall_0     3940     7880  ok (non-closed singly connected) (-3 -0.98 0) (3 0.98 0.005859375)
            frontAndBack   204034   212390  ok (non-closed singly connected) (-3 -0.98 0) (3 0.98 0.005859375)
                    ".*"   207974   212390      ok (closed singly connected) (-3 -0.98 0) (3 0.98 0.005859375)


Checking faceZone topology for multiply connected surfaces...
    No faceZones found.

Checking basic cellZone addressing...
    No cellZones found.

Checking basic pointZone addressing...
    No pointZones found.

Checking geometry...
    Overall domain bounding box (-3 -0.98 0) (3 0.98 0.005859375)
    Mesh has 2 geometric (non-empty/wedge) directions (1 1 0)
    Mesh has 2 solution (non-empty) directions (1 1 0)
    All edges aligned with or perpendicular to non-empty directions.
    Boundary openness (-7.66378776e-20 0 1.89499127e-19) OK.
    Max cell openness = 1.939102403e-16 OK.
    Max aspect ratio = 18.89150088 OK.
    Minimum face area = 3.600917969e-08. Maximum face area = 0.000921875.  Face area magnitudes OK.
    Min volume = 4.021325812e-09. Max volume = 5.401611328e-06.  Total volume = 0.04945957031.  Cell volumes OK.
    Mesh non-orthogonality Max: 69.05067375 average: 7.463996549
    Non-orthogonality check OK.
    Face pyramids OK.
    Max skewness = 3.998971083 OK.
    Coupled point location match (average 0) OK.
    Face tets OK.
   *Edges too small, min/max edge length = 6.145566667e-06 0.05, number too small: 16
  <<Writing 16 points on short edges to set shortEdges
    All angles in faces OK.
    Face flatness (1 = flat, 0 = butterfly) : min = 1  average = 1
    All face flatness OK.
    Cell determinant (wellposedness) : minimum: 0.008505104864 average: 0.3159103689
    Cell determinant check OK.
 ***Concave cells (using face planes) found, number of cells: 4301
  <<Writing 4301 concave cells to set concaveCells
    Face interpolation weight : minimum: 0.06262028913 average: 0.4893133674
    Face interpolation weight check OK.
    Face volume ratio : minimum: 0.0157770473 average: 0.9542280873
    Face volume ratio check OK.

Failed 1 mesh checks.

End

