/*---------------------------------------------------------------------------*\
| =========                 |                                                 |
| \\      /  F ield         | OpenFOAM: The Open Source CFD Toolbox           |
|  \\    /   O peration     | Version:  2606                                  |
|   \\  /    A nd           | Website:  www.openfoam.com                      |
|    \\/     M anipulation  |                                                 |
\*---------------------------------------------------------------------------*/
Build  : _481094f-20260618 OPENFOAM=2606 version=2606
Arch   : "LSB;label=32;scalar=64"
Exec   : checkMesh -case /home/openfoam/workingDir/case
Date   : Sep 08 2026
Time   : 09:58:55
Host   : 0b9a2c4fd249
PID    : 1
I/O    : uncollated
Case   : /home/openfoam/workingDir/case
nProcs : 1
trapFpe: Floating point exception trapping enabled (FOAM_SIGFPE).
memory pool : not available
fileModificationChecking : Monitoring run-time modified files using timeStampMaster (fileModificationSkew 5, maxFileModificationPolls 20)

--> FOAM Warning : allowSystemOperations : Allowing user-supplied system call operations.
                   This can be a security risk if running untrusted cases
                   through e.g. 'coded' on-the-fly-compilation functionality.

// * * * * * * * * * * * * * * * * * * * * * * * * * * * * * * * * * * * * * //
Create time

Create mesh for time = 0

Check mesh...

Time = 0

Mesh stats 
    points:           7494
    internal points:  0
    faces:            13064
    internal faces:   6482
    cells:            3106
    faces per cell:   6.292981326
    boundary patches: 2
    point zones:      0
    face zones:       0
    cell zones:       0

Overall number of cells of each type:
    hexahedra:     2400
    prisms:        24
    wedges:        0
    pyramids:      0
    tet wedges:    0
    tetrahedra:    0
    polyhedra:     682
    Breakdown of polyhedra by number of faces:
        faces   number of cells
            7   488
            8   136
            9   58

Checking topology...
    Boundary definition OK.
    Cell to face addressing OK.
    Point usage OK.
    Upper triangular ordering OK.
    Face vertices OK.
    Number of regions: 1 (OK).

Checking patch topology for multiply connected surfaces...
                   Patch    Faces   Points  Surface topology
                  wall_0      370      740  ok (non-closed singly connected)
            frontAndBack     6212     7494  ok (non-closed singly connected)
                    ".*"     6582     7494      ok (closed singly connected)


Checking faceZone topology for multiply connected surfaces...
    No faceZones found.

Checking basic cellZone addressing...
    No cellZones found.

Checking basic pointZone addressing...
    No pointZones found.

Checking geometry...
    Overall domain bounding box (-3 -0.98 0) (3 0.98 0.06)
    Mesh has 2 geometric (non-empty/wedge) directions (1 1 0)
    Mesh has 2 solution (non-empty) directions (1 1 0)
    All edges aligned with or perpendicular to non-empty directions.
    Boundary openness (-1.943908547e-19 0 -9.233565599e-19) OK.
    Max cell openness = 2.194071566e-16 OK.
    Max aspect ratio = 8.993068622 OK.
    Minimum face area = 6.558919715e-06. Maximum face area = 0.009105645204.  Face area magnitudes OK.
    Min volume = 1.091965634e-05. Max volume = 0.000303515625.  Total volume = 0.506466.  Cell volumes OK.
    Mesh non-orthogonality Max: 66.79384545 average: 15.41364387
    Non-orthogonality check OK.
    Face pyramids OK.
    Max skewness = 2.880198409 OK.
    Coupled point location match (average 0) OK.

Mesh OK.

End

