/*---------------------------------------------------------------------------*\
| =========                 |                                                 |
| \\      /  F ield         | OpenFOAM: The Open Source CFD Toolbox           |
|  \\    /   O peration     | Version:  2606                                  |
|   \\  /    A nd           | Website:  www.openfoam.com                      |
|    \\/     M anipulation  |                                                 |
\*---------------------------------------------------------------------------*/
Build  : _481094f-20260618 OPENFOAM=2606 version=2606
Arch   : "LSB;label=32;scalar=64"
Exec   : checkMesh -case /home/openfoam/workingDir/case -writeAllFields
Date   : Sep 08 2026
Time   : 05:26:46
Host   : 38fca4d2ff33
PID    : 1
I/O    : uncollated
Case   : /home/openfoam/workingDir/case
nProcs : 1
trapFpe: Floating point exception trapping enabled (FOAM_SIGFPE).
memory pool : not available
fileModificationChecking : Monitoring run-time modified files using timeStampMaster (fileModificationSkew 5, maxFileModificationPolls 20)

--> FOAM Warning : allowSystemOperations : Allowing user-supplied system call operations.
                   This can be a security risk if running untrusted cases
                   through e.g. 'coded' on-the-fly-compilation functionality.

// * * * * * * * * * * * * * * * * * * * * * * * * * * * * * * * * * * * * * //
Create time

Create mesh for time = 0

Check mesh...
    Writing mesh quality as fields (aspectRatio cellAspectRatio cellDeterminant cellRegion cellShapes cellVolume cellVolumeRatio cellZone faceWeight faceZone minPyrVolume minTetVolume nonOrthoAngle skewness wallDistance)

Time = 0

Mesh stats
    points:           4682
    internal points:  0
    faces:            8544
    internal faces:   4004
    cells:            2068
    faces per cell:   6.067698259
    boundary patches: 2
    point zones:      0
    face zones:       0
    cell zones:       0

Overall number of cells of each type:
    hexahedra:     1816
    prisms:        68
    wedges:        0
    pyramids:      0
    tet wedges:    0
    tetrahedra:    0
    polyhedra:     184
    Breakdown of polyhedra by number of faces:
        faces   number of cells
            7   160
            8   24

Checking topology...
    Boundary definition OK.
    Cell to face addressing OK.
    Point usage OK.
    Upper triangular ordering OK.
    Face vertices OK.
    Number of regions: 1 (OK).

Checking patch topology for multiply connected surfaces...
                   Patch    Faces   Points  Surface topology
                  wall_0      404      808  ok (non-closed singly connected)
            frontAndBack     4136     4682  ok (non-closed singly connected)
                    ".*"     4540     4682      ok (closed singly connected)


Checking faceZone topology for multiply connected surfaces...
    No faceZones found.

Checking basic cellZone addressing...
    No cellZones found.

Checking basic pointZone addressing...
    No pointZones found.

Checking geometry...
    Overall domain bounding box (-3 -0.98 0) (3 0.98 0.0234375)
    Mesh has 2 geometric (non-empty/wedge) directions (1 1 0)
    Mesh has 2 solution (non-empty) directions (1 1 0)
    All edges aligned with or perpendicular to non-empty directions.
    Boundary openness (1.005090076e-18 0 0) OK.
    Max cell openness = 1.147354468e-16 OK.
    Max aspect ratio = 2.041619859 OK.
    Minimum face area = 8.971962272e-05. Maximum face area = 0.0087890625.  Face area magnitudes OK.
    Min volume = 2.102803658e-06. Max volume = 0.0002059936523.  Total volume = 0.1978382813.  Cell volumes OK.
    Mesh non-orthogonality Max: 26.39997437 average: 6.536246596
    Non-orthogonality check OK.
    Face pyramids OK.
    Max skewness = 3.401456076 OK.
    Coupled point location match (average 0) OK.

Mesh OK.

Writing fields with mesh quality parameters
    Writing non-orthogonality (angle) to nonOrthoAngle
    Writing face interpolation weights (0..0.5) to faceWeight
    Writing face skewness to skewness
    Writing cell determinant to cellDeterminant
    Writing aspect ratio to aspectRatio
    Writing approximate aspect ratio to cellAspectRatio
    Writing cell shape (hex, tet etc.) to cellShapes
    Writing cell volume to cellVolume
    Writing cell volume ratio to cellVolumeRatio
    Writing minTetVolume to minTetVolume
    Writing minPyrVolume to minPyrVolume
    Writing cell region to cellRegion
Selecting patchDistMethod meshWave
    Writing wall distance to wallDistance
    Writing cell zoning to cellZone
    Writing face zoning to faceZone

End
