/*---------------------------------------------------------------------------*\
| =========                 |                                                 |
| \\      /  F ield         | OpenFOAM: The Open Source CFD Toolbox           |
|  \\    /   O peration     | Version:  2606                                  |
|   \\  /    A nd           | Website:  www.openfoam.com                      |
|    \\/     M anipulation  |                                                 |
\*---------------------------------------------------------------------------*/
Build  : _481094f-20260618 OPENFOAM=2606 version=2606
Arch   : "LSB;label=32;scalar=64"
Exec   : checkMesh -case /home/openfoam/workingDir/case
Date   : Sep 12 2026
Time   : 10:02:58
Host   : 152ad24d8acd
PID    : 1
I/O    : uncollated
Case   : /home/openfoam/workingDir/case
nProcs : 1
trapFpe: Floating point exception trapping enabled (FOAM_SIGFPE).
memory pool : not available
fileModificationChecking : Monitoring run-time modified files using timeStampMaster (fileModificationSkew 5, maxFileModificationPolls 20)

--> FOAM Warning : allowSystemOperations : Allowing user-supplied system call operations.
                   This can be a security risk if running untrusted cases
                   through e.g. 'coded' on-the-fly-compilation functionality.

// * * * * * * * * * * * * * * * * * * * * * * * * * * * * * * * * * * * * * //
Create time

Create mesh for time = 0

Check mesh...

Time = 0

Mesh stats
    points:           10664
    internal points:  0
    faces:            20380
    internal faces:   9960
    cells:            5016
    faces per cell:   6.048644338
    boundary patches: 6
    point zones:      0
    face zones:       0
    cell zones:       0

Overall number of cells of each type:
    hexahedra:     4800
    prisms:        0
    wedges:        0
    pyramids:      0
    tet wedges:    0
    tetrahedra:    0
    polyhedra:     216
    Breakdown of polyhedra by number of faces:
        faces   number of cells
            7   188
            8   28

Checking topology...
    Boundary definition OK.
    Cell to face addressing OK.
    Point usage OK.
    Upper triangular ordering OK.
    Face vertices OK.
    Number of regions: 1 (OK).

Checking patch topology for multiply connected surfaces...
                   Patch    Faces   Points  Surface topology
                  wall_0      224      448  ok (non-closed singly connected)
                    left       50      102  ok (non-closed singly connected)
                   right       50      102  ok (non-closed singly connected)
                  bottom       32       66  ok (non-closed singly connected)
                     top       32       66  ok (non-closed singly connected)
            frontAndBack    10032    10664  ok (non-closed singly connected)
                    ".*"    10420    10664      ok (closed singly connected)


Checking faceZone topology for multiply connected surfaces...
    No faceZones found.

Checking basic cellZone addressing...
    No cellZones found.

Checking basic pointZone addressing...
    No pointZones found.

Checking geometry...
    Overall domain bounding box (-0.2 -0.2 0) (0.2 0.2 0.0015625)
    Mesh has 2 geometric (non-empty/wedge) directions (1 1 0)
    Mesh has 2 solution (non-empty) directions (1 1 0)
    All edges aligned with or perpendicular to non-empty directions.
    Boundary openness (1.021676496e-19 -1.021676496e-19 -1.085531277e-19) OK.
    Max cell openness = 1.734723476e-16 OK.
    Max aspect ratio = 1.453947368 OK.
    Minimum face area = 1.52449802e-06. Maximum face area = 0.00015625.  Face area magnitudes OK.
    Min volume = 1.049473275e-08. Max volume = 2.44140625e-07.  Total volume = 0.0002044683258.  Cell volumes OK.
    Mesh non-orthogonality Max: 18.43494882 average: 4.034309691
    Non-orthogonality check OK.
    Face pyramids OK.
    Max skewness = 1.719457014 OK.
    Coupled point location match (average 0) OK.

Mesh OK.

End
