/*---------------------------------------------------------------------------*\
| =========                 |                                                 |
| \\      /  F ield         | OpenFOAM: The Open Source CFD Toolbox           |
|  \\    /   O peration     | Version:  2606                                  |
|   \\  /    A nd           | Website:  www.openfoam.com                      |
|    \\/     M anipulation  |                                                 |
\*---------------------------------------------------------------------------*/
Build  : _481094f-20260618 OPENFOAM=2606 version=2606
Arch   : "LSB;label=32;scalar=64"
Exec   : checkMesh -case /home/openfoam/workingDir/case
Date   : Sep 09 2026
Time   : 19:02:18
Host   : b8704132b68d
PID    : 1
I/O    : uncollated
Case   : /home/openfoam/workingDir/case
nProcs : 1
trapFpe: Floating point exception trapping enabled (FOAM_SIGFPE).
memory pool : not available
fileModificationChecking : Monitoring run-time modified files using timeStampMaster (fileModificationSkew 5, maxFileModificationPolls 20)

--> FOAM Warning : allowSystemOperations : Allowing user-supplied system call operations.
                   This can be a security risk if running untrusted cases
                   through e.g. 'coded' on-the-fly-compilation functionality.

// * * * * * * * * * * * * * * * * * * * * * * * * * * * * * * * * * * * * * //
Create time

Create mesh for time = 0

Check mesh...

Time = 0

Mesh stats 
    points:           7968
    internal points:  0
    faces:            14688
    internal faces:   7184
    cells:            3568
    faces per cell:   6.130044843
    boundary patches: 6
    point zones:      0
    face zones:       0
    cell zones:       0

Overall number of cells of each type:
    hexahedra:     2988
    prisms:        128
    wedges:        0
    pyramids:      0
    tet wedges:    0
    tetrahedra:    0
    polyhedra:     452
    Breakdown of polyhedra by number of faces:
        faces   number of cells
            7   312
            8   140

Checking topology...
    Boundary definition OK.
    Cell to face addressing OK.
    Point usage OK.
    Upper triangular ordering OK.
    Face vertices OK.
    Number of regions: 1 (OK).

Checking patch topology for multiply connected surfaces...
                   Patch    Faces   Points  Surface topology
                  wall_0      320      640  ok (non-closed singly connected)
                    left       12       26  ok (non-closed singly connected)
                   right       12       26  ok (non-closed singly connected)
                  bottom       12       26  ok (non-closed singly connected)
                     top       12       26  ok (non-closed singly connected)
            frontAndBack     7136     7968  ok (non-closed singly connected)
                    ".*"     7504     7968      ok (closed singly connected)


Checking faceZone topology for multiply connected surfaces...
    No faceZones found.

Checking basic cellZone addressing...
    No cellZones found.

Checking basic pointZone addressing...
    No pointZones found.

Checking geometry...
    Overall domain bounding box (-20.93 -20.97 0) (21.07 21.03 0.0009765625)
    Mesh has 2 geometric (non-empty/wedge) directions (1 1 0)
    Mesh has 2 solution (non-empty) directions (1 1 0)
    All edges aligned with or perpendicular to non-empty directions.
    Boundary openness (0 0 -2.017482689e-18) OK.
    Max cell openness = 1.17351168e-16 OK.
    Max aspect ratio = 5.712928808 OK.
    Minimum face area = 4.588323515e-07. Maximum face area = 27.5625.  Face area magnitudes OK.
    Min volume = 7.586875375e-09. Max volume = 0.02691650391.  Total volume = 1.719607964.  Cell volumes OK.
    Mesh non-orthogonality Max: 57.36427184 average: 9.307065308
    Non-orthogonality check OK.
    Face pyramids OK.
    Max skewness = 1.579055475 OK.
    Coupled point location match (average 0) OK.

Mesh OK.

End

