^D/*---------------------------------------------------------------------------*\
| =========                 |                                                 |
| \\      /  F ield         | OpenFOAM: The Open Source CFD Toolbox           |
|  \\    /   O peration     | Version:  2606                                  |
|   \\  /    A nd           | Website:  www.openfoam.com                      |
|    \\/     M anipulation  |                                                 |
\*---------------------------------------------------------------------------*/
Build  : _481094f-20260618 OPENFOAM=2606 version=2606
Arch   : "LSB;label=32;scalar=64"
Exec   : checkMesh -case /home/openfoam/workingDir/build/w1_after_final/circle-cutcell-L11-case -writeAllFields
Date   : Sep 03 2026
Time   : 18:41:07
Host   : 30a2b62c3eb7
PID    : 1
I/O    : uncollated
Case   : /home/openfoam/workingDir/build/w1_after_final/circle-cutcell-L11-case
nProcs : 1
trapFpe: Floating point exception trapping enabled (FOAM_SIGFPE).
memory pool : not available
fileModificationChecking : Monitoring run-time modified files using timeStampMaster (fileModificationSkew 5, maxFileModificationPolls 20)

--> FOAM Warning : allowSystemOperations : Allowing user-supplied system call operations.
                   This can be a security risk if running untrusted cases
                   through e.g. 'coded' on-the-fly-compilation functionality.

// * * * * * * * * * * * * * * * * * * * * * * * * * * * * * * * * * * * * * //
Create time

Create mesh for time = 0

Check mesh...
    Writing mesh quality as fields (aspectRatio cellAspectRatio cellDeterminant cellRegion cellShapes cellVolume cellVolumeRatio cellZone faceWeight faceZone minPyrVolume minTetVolume nonOrthoAngle skewness wallDistance)

Time = 0

Mesh stats 
    points:           372600
    internal points:  0
    faces:            739440
    internal faces:   364144
    cells:            184380
    faces per cell:   5.985378024
    boundary patches: 6
    point zones:      0
    face zones:       0
    cell zones:       0

Overall number of cells of each type:
    hexahedra:     178076
    prisms:        4500
    wedges:        0
    pyramids:      0
    tet wedges:    0
    tetrahedra:    0
    polyhedra:     1804
    Breakdown of polyhedra by number of faces:
        faces   number of cells
            7   1804

Checking topology...
    Boundary definition OK.
    Cell to face addressing OK.
    Point usage OK.
    Upper triangular ordering OK.
    Face vertices OK.
    Number of regions: 1 (OK).

Checking patch topology for multiply connected surfaces...
                   Patch    Faces   Points  Surface topology
                  wall_0     4488     8976  ok (non-closed singly connected)
                    left      512     1026  ok (non-closed singly connected)
                   right      512     1026  ok (non-closed singly connected)
                  bottom      512     1026  ok (non-closed singly connected)
                     top      512     1026  ok (non-closed singly connected)
            frontAndBack   368760   372600  ok (non-closed singly connected)
                    ".*"   375296   372600      ok (closed singly connected)


Checking faceZone topology for multiply connected surfaces...
    No faceZones found.

Checking basic cellZone addressing...
    No cellZones found.

Checking basic pointZone addressing...
    No pointZones found.

Checking geometry...
    Overall domain bounding box (-1.43 -1.47 0) (1.57 1.53 0.0009765625)
    Mesh has 2 geometric (non-empty/wedge) directions (1 1 0)
    Mesh has 2 solution (non-empty) directions (1 1 0)
    All edges aligned with or perpendicular to non-empty directions.
    Boundary openness (1.473231573e-19 1.841539466e-20 1.079027031e-22) OK.
    Max cell openness = 1.301302888e-16 OK.
    Max aspect ratio = 6.565913325 OK.
    Minimum face area = 3.103311419e-09. Maximum face area = 3.433227539e-05.  Face area magnitudes OK.
    Min volume = 1.845459282e-10. Max volume = 3.352761269e-08.  Total volume = 0.005740776218.  Cell volumes OK.
    Mesh non-orthogonality Max: 42.3128298 average: 3.492540279
    Non-orthogonality check OK.
    Face pyramids OK.
    Max skewness = 1.923369453 OK.
    Coupled point location match (average 0) OK.

Mesh OK.

Writing fields with mesh quality parameters
    Writing non-orthogonality (angle) to nonOrthoAngle
    Writing face interpolation weights (0..0.5) to faceWeight
    Writing face skewness to skewness
    Writing cell determinant to cellDeterminant
    Writing aspect ratio to aspectRatio
    Writing approximate aspect ratio to cellAspectRatio
    Writing cell shape (hex, tet etc.) to cellShapes
    Writing cell volume to cellVolume
    Writing cell volume ratio to cellVolumeRatio
    Writing minTetVolume to minTetVolume
    Writing minPyrVolume to minPyrVolume
    Writing cell region to cellRegion
Selecting patchDistMethod meshWave
    Writing wall distance to wallDistance
    Writing cell zoning to cellZone
    Writing face zoning to faceZone

End

